// Jest Snapshot v1, https://goo.gl/fbAQLP

exports[`renders the expected HTML 1`] = `
<div>
  <div>
    <div>
      <button
        class="tab-heading tab-active"
      >
        Description
      </button>
      <button
        class="tab-heading false"
      >
        Details
      </button>
    </div>
    <hr
      class="tab-hr"
    />
    <p>
      Description.
    </p>
  </div>
</div>
`;
